Nothing to build in platform 'mb_intro_top'

21:46:41 **** Incremental Build of configuration Debug for project mb_blink ****
make all 
make: Nothing to be done for 'all'.
21:46:42 **** Incremental Build of configuration Debug for project mb_blink_system ****
make all 
Skipping SD card image generation. Reason: "The system project only has applications for microblaze processors."
Nothing to build in platform 'mb_intro_top_1'

21:46:42 **** Incremental Build of configuration Debug for project mb_accumulate ****
make all 
'Building file: ../src/mb_accumulate.c'
'Invoking: MicroBlaze gcc compiler'
mb-gcc -Wall -O0 -g3 -c -fmessage-length=0 -MT"src/mb_accumulate.o" -IC:/Users/neil/385projects/lab6/workspace/mb_intro_top_1/export/mb_intro_top_1/sw/mb_intro_top_1/standalone_microblaze_0/bspinclude/include -mno-xl-reorder -mlittle-endian -mxl-barrel-shift -mxl-pattern-compare -mcpu=v11.0 -mno-xl-soft-mul -Wl,--no-relax -ffunction-sections -fdata-sections -MMD -MP -MF"src/mb_accumulate.d" -MT"src/mb_accumulate.o" -o "src/mb_accumulate.o" "../src/mb_accumulate.c"
In file included from ../src/mb_accumulate.c:12:
C:/Users/neil/385projects/lab6/workspace/mb_intro_top_1/export/mb_intro_top_1/sw/mb_intro_top_1/standalone_microblaze_0/bspinclude/include/xparameters.h:573:34: warning: initialization of 'volatile uint16_t *' {aka 'volatile short unsigned int *'} from 'int' makes pointer from integer without a cast [-Wint-conversion]
  573 | #define XPAR_AXI_GPIO_0_BASEADDR 0x40000000
      |                                  ^~~~~~~~~~
../src/mb_accumulate.c:18:36: note: in expansion of macro 'XPAR_AXI_GPIO_0_BASEADDR'
   18 | volatile uint16_t* led_gpio_data = XPAR_AXI_GPIO_0_BASEADDR;  //Hint: either find the manual address (via the memory map in the block diagram, or
      |                                    ^~~~~~~~~~~~~~~~~~~~~~~~
C:/Users/neil/385projects/lab6/workspace/mb_intro_top_1/export/mb_intro_top_1/sw/mb_intro_top_1/standalone_microblaze_0/bspinclude/include/xparameters.h:581:34: warning: initialization of 'volatile uint16_t *' {aka 'volatile short unsigned int *'} from 'int' makes pointer from integer without a cast [-Wint-conversion]
  581 | #define XPAR_AXI_GPIO_1_BASEADDR 0x40010000
      |                                  ^~~~~~~~~~
../src/mb_accumulate.c:22:35: note: in expansion of macro 'XPAR_AXI_GPIO_1_BASEADDR'
   22 | volatile uint16_t* sw_gpio_data = XPAR_AXI_GPIO_1_BASEADDR;
      |                                   ^~~~~~~~~~~~~~~~~~~~~~~~
C:/Users/neil/385projects/lab6/workspace/mb_intro_top_1/export/mb_intro_top_1/sw/mb_intro_top_1/standalone_microblaze_0/bspinclude/include/xparameters.h:589:34: warning: initialization of 'volatile uint32_t *' {aka 'volatile long unsigned int *'} from 'int' makes pointer from integer without a cast [-Wint-conversion]
  589 | #define XPAR_AXI_GPIO_2_BASEADDR 0x40020000
      |                                  ^~~~~~~~~~
../src/mb_accumulate.c:23:26: note: in expansion of macro 'XPAR_AXI_GPIO_2_BASEADDR'
   23 | volatile uint32_t* acc = XPAR_AXI_GPIO_2_BASEADDR;
      |                          ^~~~~~~~~~~~~~~~~~~~~~~~
C:/Users/neil/385projects/lab6/workspace/mb_intro_top_1/export/mb_intro_top_1/sw/mb_intro_top_1/standalone_microblaze_0/bspinclude/include/xparameters.h:628:30: warning: initialization of 'volatile uint16_t *' {aka 'volatile short unsigned int *'} from 'int' makes pointer from integer without a cast [-Wint-conversion]
  628 | #define XPAR_GPIO_3_BASEADDR 0x40030000
      |                              ^~~~~~~~~~
../src/mb_accumulate.c:24:37: note: in expansion of macro 'XPAR_GPIO_3_BASEADDR'
   24 | volatile uint16_t* led_gpio_data2 = XPAR_GPIO_3_BASEADDR;
      |                                     ^~~~~~~~~~~~~~~~~~~~
'Finished building: ../src/mb_accumulate.c'
' '
'Building target: mb_accumulate.elf'
'Invoking: MicroBlaze gcc linker'
mb-gcc -Wl,-T -Wl,../src/lscript.ld -LC:/Users/neil/385projects/lab6/workspace/mb_intro_top_1/export/mb_intro_top_1/sw/mb_intro_top_1/standalone_microblaze_0/bsplib/lib -mlittle-endian -mxl-barrel-shift -mxl-pattern-compare -mcpu=v11.0 -mno-xl-soft-mul -Wl,--no-relax -Wl,--gc-sections -o "mb_accumulate.elf"  ./src/mb_accumulate.o ./src/platform.o   -Wl,--start-group,-lxil,-lgcc,-lc,--end-group
'Finished building target: mb_accumulate.elf'
' '
'Invoking: MicroBlaze Print Size'
mb-size mb_accumulate.elf  |tee "mb_accumulate.elf.size"
   text	   data	    bss	    dec	    hex	filename
  16568	   1372	   3172	  21112	   5278	mb_accumulate.elf
'Finished building: mb_accumulate.elf.size'
' '
21:46:44 **** Incremental Build of configuration Debug for project mb_accumulate_system ****
make all 
Skipping SD card image generation. Reason: "The system project only has applications for microblaze processors."
