#-----------------------------------------------------------
# Vivado v2022.2 (64-bit)
# SW Build 3671981 on Fri Oct 14 05:00:03 MDT 2022
# IP Build 3669848 on Fri Oct 14 08:30:02 MDT 2022
# Start of session at: Thu May  2 23:02:23 2024
# Process ID: 19580
# Current directory: C:/Users/tamed/OneDrive/Desktop/UIUC Spring 2024/ECE385/Digital-Systems-Final-Project/lab6
# Command line: vivado.exe -gui_launcher_event rodinguilauncherevent17752 C:\Users\tamed\OneDrive\Desktop\UIUC Spring 2024\ECE385\Digital-Systems-Final-Project\lab6\lab6.xpr
# Log file: C:/Users/tamed/OneDrive/Desktop/UIUC Spring 2024/ECE385/Digital-Systems-Final-Project/lab6/vivado.log
# Journal file: C:/Users/tamed/OneDrive/Desktop/UIUC Spring 2024/ECE385/Digital-Systems-Final-Project/lab6\vivado.jou
# Running On: DESKTOP-HL0SD2E, OS: Windows, CPU Frequency: 2808 MHz, CPU Physical cores: 6, Host memory: 17089 MB
#-----------------------------------------------------------
start_gui
open_project {C:/Users/tamed/OneDrive/Desktop/UIUC Spring 2024/ECE385/Digital-Systems-Final-Project/lab6/lab6.xpr}
update_compile_order -fileset sources_1
reset_run synth_1
launch_runs impl_1 -to_step write_bitstream -jobs 3
wait_on_run impl_1
open_hw_manager
connect_hw_server -allow_non_jtag
open_hw_target
set_property PROGRAM.FILE {C:/Users/tamed/OneDrive/Desktop/UIUC Spring 2024/ECE385/Digital-Systems-Final-Project/lab6/lab6.runs/impl_1/mb_usb_hdmi_top.bit} [get_hw_devices xc7s50_0]
current_hw_device [get_hw_devices xc7s50_0]
refresh_hw_device -update_hw_probes false [lindex [get_hw_devices xc7s50_0] 0]
set_property PROBES.FILE {} [get_hw_devices xc7s50_0]
set_property FULL_PROBES.FILE {} [get_hw_devices xc7s50_0]
set_property PROGRAM.FILE {C:/Users/tamed/OneDrive/Desktop/UIUC Spring 2024/ECE385/Digital-Systems-Final-Project/lab6/lab6.runs/impl_1/mb_usb_hdmi_top.bit} [get_hw_devices xc7s50_0]
program_hw_devices [get_hw_devices xc7s50_0]
refresh_hw_device [lindex [get_hw_devices xc7s50_0] 0]
close_hw_manager
reset_run synth_1
launch_runs impl_1 -to_step write_bitstream -jobs 3
wait_on_run impl_1
reset_run synth_1
launch_runs impl_1 -to_step write_bitstream -jobs 3
wait_on_run impl_1
open_hw_manager
connect_hw_server -allow_non_jtag
open_hw_target
set_property PROGRAM.FILE {C:/Users/tamed/OneDrive/Desktop/UIUC Spring 2024/ECE385/Digital-Systems-Final-Project/lab6/lab6.runs/impl_1/mb_usb_hdmi_top.bit} [get_hw_devices xc7s50_0]
current_hw_device [get_hw_devices xc7s50_0]
refresh_hw_device -update_hw_probes false [lindex [get_hw_devices xc7s50_0] 0]
set_property PROBES.FILE {} [get_hw_devices xc7s50_0]
set_property FULL_PROBES.FILE {} [get_hw_devices xc7s50_0]
set_property PROGRAM.FILE {C:/Users/tamed/OneDrive/Desktop/UIUC Spring 2024/ECE385/Digital-Systems-Final-Project/lab6/lab6.runs/impl_1/mb_usb_hdmi_top.bit} [get_hw_devices xc7s50_0]
program_hw_devices [get_hw_devices xc7s50_0]
refresh_hw_device [lindex [get_hw_devices xc7s50_0] 0]
close_hw_manager
reset_run synth_1
launch_runs synth_1 -jobs 3
wait_on_run synth_1
reset_run synth_1
launch_runs synth_1 -jobs 3
wait_on_run synth_1
launch_runs impl_1 -jobs 3
wait_on_run impl_1
launch_runs impl_1 -to_step write_bitstream -jobs 3
wait_on_run impl_1
open_hw_manager
connect_hw_server -allow_non_jtag
disconnect_hw_server localhost:3121
connect_hw_server -allow_non_jtag
open_hw_target
set_property PROGRAM.FILE {C:/Users/tamed/OneDrive/Desktop/UIUC Spring 2024/ECE385/Digital-Systems-Final-Project/lab6/lab6.runs/impl_1/mb_usb_hdmi_top.bit} [get_hw_devices xc7s50_0]
current_hw_device [get_hw_devices xc7s50_0]
refresh_hw_device -update_hw_probes false [lindex [get_hw_devices xc7s50_0] 0]
set_property PROBES.FILE {} [get_hw_devices xc7s50_0]
set_property FULL_PROBES.FILE {} [get_hw_devices xc7s50_0]
set_property PROGRAM.FILE {C:/Users/tamed/OneDrive/Desktop/UIUC Spring 2024/ECE385/Digital-Systems-Final-Project/lab6/lab6.runs/impl_1/mb_usb_hdmi_top.bit} [get_hw_devices xc7s50_0]
program_hw_devices [get_hw_devices xc7s50_0]
refresh_hw_device [lindex [get_hw_devices xc7s50_0] 0]
